exports[`Loader Render 1`] = `
<View
  style={
    Object {
      "backgroundColor": "#2DB0CD",
      "flex": 1
    }
  }>
  <View
    style={
      Object {
        "alignItems": "center",
        "flex": 1,
        "justifyContent": "center"
      }
    }>
    <Text
      accessible={true}
      allowFontScaling={true}
      ellipsizeMode="tail"
      style={
        Object {
          "color": "white",
          "fontFamily": "Varela Round",
          "fontSize": 30
        }
      }>
      Loading...
    </Text>
  </View>
</View>
`;
